[02:40:51] 🐕 Watchdog 启动 (PID 11536)
[02:40:51] 检查间隔: 10秒
[02:40:51] 监控目标: C:\Users\txx\WorkBuddy\医疗设备铭牌识别2026\server.js
[02:40:51] 启动 server.js...
[02:40:51] ❌ server 不健康，正在拉起...
[02:40:51] 启动 server.js...
[02:40:51] ⚠️ server.js 退出 (code=null signal=SIGTERM)
[02:41:01] ❌ server 不健康，正在拉起...
[02:41:01] 启动 server.js...
[02:41:10] [server] ✅ 腾讯云OCR客户端初始化成功 (region: ap-guangzhou)
[02:41:10] [server] ✅ 腾讯云OCR客户端初始化成功 (region: ap-guangzhou)
[02:41:10] [server-err] (node:8120) [DEP0040] DeprecationWarning: The `punycode` module is deprecated. Please use a userland alternative instead.
(Use `node --trace-deprecation ...` to show where the warning was created)
[02:41:10] [server-err] (node:10160) [DEP0040] DeprecationWarning: The `punycode` module is deprecated. Please use a userland alternative instead.
(Use `node --trace-deprecation ...` to show where the warning was created)
[02:41:10] [server] 🚀 医疗设备铭牌识别服务已启动
   📱 前端地址: http://localhost:3000
   🔍 OCR接口: http://localhost:3000/api/ocr
   💚 健康检查: http://localhost:3000/api/health
[02:41:10] [server] 
[02:41:10] [server-err] node:events:497
      throw er; // Unhandled 'error' event
      ^

Error: listen EADDRINUSE: address already in use :::3000
    at Server.setupListenHandle [as _listen2] (node:net:1940:16)
    at listenInCluster (node:net:1997:12)
    at Server.listen (node:net:2102:7)
    at Function.listen (C:\Users\txx\WorkBuddy\医疗设备铭牌识别2026\node_modules\express\lib\application.js:635:24)
    at Object.<anonymous> (C:\Users\txx\WorkBuddy\医疗设备铭牌识别2026\server.js:167:5)
    at Module._compile (node:internal/modules/cjs/loader:1705:14)
    at Object..js (node:internal/modules/cjs/loader:1838:10)
    at Module.load (node:internal/modules/cjs/loader:1441:32)
    at Function._load (node:internal/modules/cjs/loader:1263:12)
    at TracingChannel.traceSync (node:diagnostics_channel:328:14)
Emitted 'error' event on Server instance at:
    at emitErrorNT (node:net:1976:8)
    at process.processTicksAndRejections (node:internal/process/task_queues:89:21) {
  code: 'EADDRINUSE',
  errno: -4091,
  syscall: 'listen',
  address: '::',
  port: 3000
}
[02:41:10] [server-err] Node.js v22.22.2
[02:41:10] ⚠️ server.js 退出 (code=1 signal=null)
[02:41:11] ℹ️ server 在跑但不在我管理下，认领它
[02:41:21] ℹ️ server 在跑但不在我管理下，认领它
[02:41:25] [server] ⏱️ OCR服务器: 881ms · 308字符 · 28检测项
[02:41:31] ℹ️ server 在跑但不在我管理下，认领它
[02:41:41] ℹ️ server 在跑但不在我管理下，认领它
[02:41:51] ℹ️ server 在跑但不在我管理下，认领它
[02:42:01] ℹ️ server 在跑但不在我管理下，认领它
[02:42:32] 🐕 Watchdog 启动 (PID 16732)
[02:42:32] 检查间隔: 10秒
[02:42:32] 监控目标: C:\Users\txx\WorkBuddy\医疗设备铭牌识别2026\server.js
[02:42:36] 启动 server.js...
[02:42:36] ❌ server 不健康，正在拉起...
[02:42:38] 启动 server.js...
[02:42:38] ⚠️ server.js 退出 (code=null signal=SIGTERM)
[02:42:41] [server] ✅ 腾讯云OCR客户端初始化成功 (region: ap-guangzhou)
[02:42:41] [server-err] (node:2652) [DEP0040] DeprecationWarning: The `punycode` module is deprecated. Please use a userland alternative instead.
(Use `node --trace-deprecation ...` to show where the warning was created)
[02:42:41] [server] 🚀 医疗设备铭牌识别服务已启动
   📱 前端地址: http://localhost:3000
   🔍 OCR接口: http://localhost:3000/api/ocr
   💚 健康检查: http://localhost:3000/api/health
[02:42:44] [server] ⏱️ OCR服务器: 751ms · 308字符 · 28检测项
[02:42:48] ℹ️ server 在跑但不在我管理下，认领它
[02:42:58] ℹ️ server 在跑但不在我管理下，认领它
